// Jest Snapshot v1, https://goo.gl/fbAQLP

exports[`<Variation /> should render withouth a problem 1`] = `
.c1 {
  display: inline-block;
  border-image-source: none;
  border-image-width: 0;
  padding: 0;
  font-size: 10;
  line-height: 10;
}

.c0 {
  width: 2rem;
  height: 2rem;
  padding-top: 0.4rem;
  border-radius: 50%;
  display: -webkit-box;
  display: -webkit-flex;
  display: -ms-flexbox;
  display: flex;
  -webkit-box-pack: center;
  -webkit-justify-content: center;
  -ms-flex-pack: center;
  justify-content: center;
}

<div
  class="c0"
>
  <div
    class="c1"
    data-testid="iconContainer"
    height="10"
    width="10"
  >
    <svg
      data-testid="iconSvg"
      height="10"
      style="display: block;"
      viewBox="0 0 512 512"
      width="10"
      xmlns="http://www.w3.org/2000/svg"
    >
      <path
        d="M 64 448 l 384 0 l -192 -384 Z"
        data-testid="iconSvgPath"
        fill="hsl(89,53%,52%)"
        fill-rule="evenodd"
      />
    </svg>
  </div>
</div>
`;
