// Jest Snapshot v1, https://goo.gl/fbAQLP

exports[`Day should render without a problem 1`] = `
.c0 {
  margin-top: 0.8rem;
  font-size: 1.4rem;
  color: hsl(213,17%,20%);
  cursor: pointer;
}

.c0:not(:nth-child(7n)) {
  padding-right: 0.8rem;
}

.c1 {
  display: -webkit-box;
  display: -webkit-flex;
  display: -ms-flexbox;
  display: flex;
  -webkit-box-pack: center;
  -webkit-justify-content: center;
  -ms-flex-pack: center;
  justify-content: center;
  -webkit-align-items: center;
  -webkit-box-align: center;
  -ms-flex-align: center;
  align-items: center;
  -webkit-flex-basis: 2.8rem;
  -ms-flex-preferred-size: 2.8rem;
  flex-basis: 2.8rem;
  width: 2.8rem;
  height: 2.8rem;
  max-width: 2.8rem;
  border-radius: 50%;
  -webkit-user-select: none;
  -moz-user-select: none;
  -ms-user-select: none;
  user-select: none;
}

.c1:hover {
  background: rgba(30,146,204,0.14);
}

<div
  class="c0"
>
  <div
    class="c1"
  >
    10
  </div>
</div>
`;
