// Jest Snapshot v1, https://goo.gl/fbAQLP

exports[`<Pin /> should render pin without a problem 1`] = `
.c0 {
  width: 1rem;
  height: 1rem;
  border-radius: 50%;
  background: blue;
}

<div
  class="c0"
/>
`;
