// Jest Snapshot v1, https://goo.gl/fbAQLP

exports[`<Modal.Body /> should render without a problem 1`] = `
.c0 {
  width: 100%;
  height: auto;
  -webkit-flex: 1;
  -ms-flex: 1;
  flex: 1;
  margin: initial;
}

<div
  class="c0"
>
  Body
</div>
`;
