// Jest Snapshot v1, https://goo.gl/fbAQLP

exports[`<WeekdayNames /> should render with a different locale 1`] = `
.c1 {
  font-size: 1.4rem;
}

.c0 {
  display: grid;
  grid-template-columns: repeat(7,2.8rem);
  grid-template-rows: 2rem;
  justify-items: stretch;
  -webkit-align-items: stretch;
  -webkit-box-align: stretch;
  -ms-flex-align: stretch;
  align-items: stretch;
  text-align: center;
  border-bottom: 1px solid hsl(206,23%,69%);
  color: hsl(206,23%,69%);
}

<div
  class="c0"
>
  <div
    class="c1"
  >
    Mon
  </div>
  <div
    class="c1"
  >
    Tue
  </div>
  <div
    class="c1"
  >
    Wed
  </div>
  <div
    class="c1"
  >
    Thu
  </div>
  <div
    class="c1"
  >
    Fri
  </div>
  <div
    class="c1"
  >
    Sat
  </div>
  <div
    class="c1"
  >
    Sun
  </div>
</div>
`;

exports[`<WeekdayNames /> should render withouth a problem 1`] = `
.c1 {
  font-size: 1.4rem;
}

.c0 {
  display: grid;
  grid-template-columns: repeat(7,2.8rem);
  grid-template-rows: 2rem;
  justify-items: stretch;
  -webkit-align-items: stretch;
  -webkit-box-align: stretch;
  -ms-flex-align: stretch;
  align-items: stretch;
  text-align: center;
  border-bottom: 1px solid hsl(206,23%,69%);
  color: hsl(206,23%,69%);
}

<div
  class="c0"
>
  <div
    class="c1"
  >
    Mon
  </div>
  <div
    class="c1"
  >
    Tue
  </div>
  <div
    class="c1"
  >
    Wed
  </div>
  <div
    class="c1"
  >
    Thu
  </div>
  <div
    class="c1"
  >
    Fri
  </div>
  <div
    class="c1"
  >
    Sat
  </div>
  <div
    class="c1"
  >
    Sun
  </div>
</div>
`;
